audio manager available=1
registered stock HMIAudioServiceListener for CLIENT_MEDIA
ACTIVE stock HMIAudio conn=20 HT=0, focusApp=2, route ENT_INTMEDIA->MPL1
pause conn=20 terminal=0
focus lost (pause); sent SIGRTMIN, no auto-resume
stop conn=20 terminal=0
released connection 20, MPL1 route and HMI focus
audio manager available=1
registered stock HMIAudioServiceListener for CLIENT_MEDIA
ACTIVE stock HMIAudio conn=20 HT=0, focusApp=2, route ENT_INTMEDIA->MPL1
start conn=20 terminal=0
faded-in conn=20 terminal=0
released connection 20, MPL1 route and HMI focus
audio manager available=1
registered stock HMIAudioServiceListener for CLIENT_MEDIA
ACTIVE stock HMIAudio conn=20 HT=0, focusApp=2, route ENT_INTMEDIA->MPL1
start conn=20 terminal=0
faded-in conn=20 terminal=0
stop conn=20 terminal=0
focus lost (stop); sent SIGRTMIN, no auto-resume
released connection 20, MPL1 route and HMI focus
