=== platform init: lock acquired, pid=5685378 written (tracer alive) ===
>>> retroarch_main_init: ENTERED
>>> main_init: before retro_main_log_file_init
>>> main_init: before parse_input_and_config
>>> parse: before config_load(global)
>>> config_load: before config_set_defaults
>>> config_set_defaults: body entered (decls/populate done)
>>> config_set_defaults: scalar default loops done
>>> csd: before audio_set_float, audio_volume=0.000000 bits=0x00000000
>>> csd: dlopen libm=3bf470 dlsym expf=7809eb38
>>> csd: calling DLSYM'd expf...
>>> csd: DLSYM expf=1.000000 OK
>>> csd: &expf(linked)=137ac0 (device dlsym was above)
>>> csd: calling LINKED expf...
>>> csd: LINKED expf=1.000000 OK
>>> csd: after VOLUME_GAIN
>>> csd: after MIXER
>>> csd: after RATE_CONTROL_DELTA (audio block done)
>>> csd: before input_config_reset
>>> csd: after input_config_reset; before remapping_deinit
>>> csd: after remapping_deinit; before set_defaults
>>> csd: after input_remapping_set_defaults
>>> config_set_defaults: entering g_defaults path-expansion block
>>> config_set_defaults: mkdir? new_path='/fs/sda0/retroarch/playlists/builtin'
>>> config_set_defaults: mkdir done
>>> config_load: after config_set_defaults; before config_parse_file
>>> config_load: after config_parse_file (done)
>>> parse: after config_load(global)
>>> main_init: after parse_input_and_config (verbosity=1)
>>> main_init: before validate_cpu_features + task_queue
>>> main_init: task_queue done
>>> main_init: reaching CMD_EVENT_CORE_INIT
>>> main_init: CMD_EVENT_CORE_INIT done (init_failed=0)
>>> retroarch_main_init: reached drivers_init(DRIVERS_CMD_ALL)
>>> drivers_init: entered (flags=0xfff)
>>> video_driver_init_internal: reached, finding driver...
>>> picked video driver: ident=gl (about to call ->init)
>>> gl2_init: GL video driver selected, about to init context
=== gfx_ctx_qnx_init: displayable=43 ctx=90 disp=0 ===
ok egl_init_context (EGL 1.4, dpy=2 config=9 n=36)
ok dlopen libdisplayinit
ok dlsym (init=78103b90 cw=781031bc getres=78103938)
ok display_init(0,0) returned
resolution -> 1024x480
display_create_window ret=1 native_window=3df0a8 kd_window=4059304
ok egl_create_context
ok egl_create_surface
=== EGL context up: 1024x480 displayable=43 -- SUCCESS ===
>>> retroarch_main_init: drivers_init returned
=== platform init: lock acquired, pid=6320265 written (tracer alive) ===
>>> retroarch_main_init: ENTERED
>>> main_init: before retro_main_log_file_init
>>> main_init: before parse_input_and_config
>>> parse: before config_load(global)
>>> config_load: before config_set_defaults
>>> config_set_defaults: body entered (decls/populate done)
>>> config_set_defaults: scalar default loops done
>>> csd: before audio_set_float, audio_volume=0.000000 bits=0x00000000
>>> csd: dlopen libm=488470 dlsym expf=7837eb38
>>> csd: calling DLSYM'd expf...
>>> csd: DLSYM expf=1.000000 OK
>>> csd: &expf(linked)=137ac0 (device dlsym was above)
>>> csd: calling LINKED expf...
>>> csd: LINKED expf=1.000000 OK
>>> csd: after VOLUME_GAIN
>>> csd: after MIXER
>>> csd: after RATE_CONTROL_DELTA (audio block done)
>>> csd: before input_config_reset
>>> csd: after input_config_reset; before remapping_deinit
>>> csd: after remapping_deinit; before set_defaults
>>> csd: after input_remapping_set_defaults
>>> config_set_defaults: entering g_defaults path-expansion block
>>> config_set_defaults: mkdir? new_path='/fs/sda0/retroarch/playlists/builtin'
>>> config_set_defaults: mkdir done
>>> config_load: after config_set_defaults; before config_parse_file
>>> config_set_defaults: mkdir? new_path='/fs/sda0/retroarch/playlists/builtin'
>>> config_set_defaults: mkdir done
>>> config_load: after config_parse_file (done)
>>> parse: after config_load(global)
>>> main_init: after parse_input_and_config (verbosity=1)
>>> main_init: before validate_cpu_features + task_queue
>>> main_init: task_queue done
>>> main_init: reaching CMD_EVENT_CORE_INIT
>>> main_init: CMD_EVENT_CORE_INIT done (init_failed=0)
>>> retroarch_main_init: reached drivers_init(DRIVERS_CMD_ALL)
>>> drivers_init: entered (flags=0xfff)
>>> video_driver_init_internal: reached, finding driver...
>>> picked video driver: ident=gl (about to call ->init)
>>> gl2_init: GL video driver selected, about to init context
=== gfx_ctx_qnx_init: displayable=43 ctx=90 disp=0 ===
ok egl_init_context (EGL 1.4, dpy=2 config=9 n=36)
ok dlopen libdisplayinit
ok dlsym (init=780bcb90 cw=780bc1bc getres=780bc938)
ok display_init(0,0) returned
resolution -> 1024x480
display_create_window ret=1 native_window=b170a8 kd_window=11628712
ok egl_create_context
ok egl_create_surface
=== EGL context up: 1024x480 displayable=43 -- SUCCESS ===
>>> retroarch_main_init: drivers_init returned
=== platform init: lock acquired, pid=6992009 written (tracer alive) ===
>>> retroarch_main_init: ENTERED
>>> main_init: before retro_main_log_file_init
>>> main_init: before parse_input_and_config
>>> parse: before config_load(global)
>>> config_load: before config_set_defaults
>>> config_set_defaults: body entered (decls/populate done)
>>> config_set_defaults: scalar default loops done
>>> csd: before audio_set_float, audio_volume=0.000000 bits=0x00000000
>>> csd: dlopen libm=3bc470 dlsym expf=78167b38
>>> csd: calling DLSYM'd expf...
>>> csd: DLSYM expf=1.000000 OK
>>> csd: &expf(linked)=137ac0 (device dlsym was above)
>>> csd: calling LINKED expf...
>>> csd: LINKED expf=1.000000 OK
>>> csd: after VOLUME_GAIN
>>> csd: after MIXER
>>> csd: after RATE_CONTROL_DELTA (audio block done)
>>> csd: before input_config_reset
>>> csd: after input_config_reset; before remapping_deinit
>>> csd: after remapping_deinit; before set_defaults
>>> csd: after input_remapping_set_defaults
>>> config_set_defaults: entering g_defaults path-expansion block
>>> config_set_defaults: mkdir? new_path='/fs/sda0/retroarch/playlists/builtin'
>>> config_set_defaults: mkdir done
>>> config_load: after config_set_defaults; before config_parse_file
>>> config_set_defaults: mkdir? new_path='/fs/sda0/retroarch/playlists/builtin'
>>> config_set_defaults: mkdir done
>>> config_load: after config_parse_file (done)
>>> parse: after config_load(global)
>>> main_init: after parse_input_and_config (verbosity=1)
>>> main_init: before validate_cpu_features + task_queue
>>> main_init: task_queue done
>>> main_init: reaching CMD_EVENT_CORE_INIT
>>> main_init: CMD_EVENT_CORE_INIT done (init_failed=0)
>>> retroarch_main_init: reached drivers_init(DRIVERS_CMD_ALL)
>>> drivers_init: entered (flags=0xfff)
>>> video_driver_init_internal: reached, finding driver...
>>> picked video driver: ident=gl (about to call ->init)
>>> gl2_init: GL video driver selected, about to init context
=== gfx_ctx_qnx_init: displayable=43 ctx=90 disp=0 ===
ok egl_init_context (EGL 1.4, dpy=2 config=9 n=36)
ok dlopen libdisplayinit
ok dlsym (init=7803db90 cw=7803d1bc getres=7803d938)
ok display_init(0,0) returned
resolution -> 1024x480
display_create_window ret=1 native_window=45f0a8 kd_window=4583592
ok egl_create_context
ok egl_create_surface
=== EGL context up: 1024x480 displayable=43 -- SUCCESS ===
>>> retroarch_main_init: drivers_init returned
