[INFO] === Build =======================================
[INFO] Capabilities: 
[INFO] Version: 1.22.2
[INFO] Built: Aug  8 2026
[INFO] =================================================
[ERROR] Couldn't find any audio driver named "ext"
[INFO] Available audio drivers are:
[INFO] 	qsa
[INFO] 	null
[WARN] Going to default to first audio driver...
[INFO] [Input] Found input driver: "qnx_input".
[INFO] [Environ] SET_PIXEL_FORMAT: RGB565.
[INFO] [Core] Version of libretro API: 1, Compiled against API: 1
[INFO] [Core] Geometry: 320x240, Aspect: 1.333, FPS: 60.00, Sample rate: 48000.00 Hz.
[INFO] [Video] Set video size to: 960x720.
[INFO] [EGL] Falling back to eglGetDisplay.
[INFO] [EGL] EGL version: 1.4.
[INFO] [QNX]: loading libdisplayinit (displayable=43)...
[WARN] [QNX]: ignoring display_create_window ret=1; window is valid.
[INFO] [EGL] Current context: 1.
[INFO] [QNX]: declared context 90 with displayable 43 (no display switch — HMI scene shows it).
[INFO] [QNX]: EGL context up: 1024x480, displayable=43.
[INFO] [GL] Found GL context: "egl_qnx".
[INFO] [GL] Detecting screen resolution: 1024x480.
[INFO] [GL] Vendor: Qualcomm, Renderer: Adreno (TM) 320.
[INFO] [GL] Version: OpenGL ES 2.0 3929146.
[INFO] [GL] Using resolution 1024x480.
[INFO] [GL] Default shader backend found: glsl.
[INFO] [GL] Using GLSL shader backend.
[WARN] [GLSL] Stock GLSL shaders will be used.
[INFO] [GLSL] Found GLSL vertex shader.
[INFO] [GLSL] Found GLSL fragment shader.
[INFO] [GLSL] Linking GLSL program.
[INFO] [GLSL] Linker log: --From Vertex Shader:
--From Fragment Shader:
Link was successful.
.
[INFO] [GLSL] Found GLSL vertex shader.
[INFO] [GLSL] Found GLSL fragment shader.
[INFO] [GLSL] Linking GLSL program.
[INFO] [GLSL] Found GLSL vertex shader.
[INFO] [GLSL] Found GLSL fragment shader.
[INFO] [GLSL] Linking GLSL program.
[INFO] [GLSL] Linker log: --From Vertex Shader:
--From Fragment Shader:
Link was successful.
.
[INFO] [GL] Using 4 textures.
[INFO] [GL] Loaded 1 program(s).
[INFO] [QNX HID]: connected to io-hid (USB + Bluetooth HIDP).
[INFO] [QNX HID]: descriptor len 145, parsed fields 20, gamepad collections 1.
[INFO] [WARN] [QNX XUSB]: connected to io-usb for XUSB/GIP controllers.
[QNX XUSB]: rejected/failed USB interface 0 (0424:2530), error 0.
[INFO] [QNX HID]: pad 0 report-index 0 attached (id 2, len 63, buttons 63, axes 0x00).
[INFO] [Input] Found joypad driver: "qnx".
[INFO] [QNX HID]: pad 0 report-index 1 attached (id 1, len 9, buttons 21, axes 0x27).
[INFO] [WARN] [Video] Found display server: "null".
[QNX XUSB]: rejected/failed USB interface 0 (1e2d:0060), error 16.
[INFO] [INFO] [QNX HID]: pad 0 connected: 8BitDo Ultimate 2C Wireless Controller (2dc8:301c, devno 0, 2 reports, gamepad).
[Audio] Set audio input rate to: 48000.00 Hz.
[WARN] [INFO] [QNX XUSB]: rejected/failed USB interface 1 (1e2d:0060), error 16.
[QNX HID]: pad 0 report 1 raw[9]: 00 00 0f 7b 7e 82 78 00 00
[ERROR] Couldn't find any audio driver named "ext"
[INFO] [QNX HID]: pad 0 report 1 raw[9]: 00 00 0f 7b 7e 82 78 00 00
[INFO] [INFO] [QNX HID]: pad 0 report 1 raw[9]: 00 00 0f 7b 7e 82 78 00 00
Available audio drivers are:
[INFO] [QNX HID]: pad 0 report 1 raw[9]: 00 00 0f 7b 7e 82 78 00 00
[INFO] 	qsa
[INFO] [INFO] 	null
[QNX HID]: pad 0 report 1 raw[9]: 00 00 0f 7b 7e 82 78 00 00
[WARN] [INFO] Going to default to first audio driver...
[QNX HID]: pad 0 report 1 raw[9]: 00 00 0f 7b 7e 82 78 00 00
[INFO] [QNX HID]: pad 0 report 1 raw[9]: 00 00 0f 7b 7e 82 78 00 00
[INFO] [QSA]: opened "/dev/snd/mpl1_int_ent".
[WARN] [INFO] [QNX HID]: pad 0 report 1 raw[9]: 00 00 0f 7b 7e 82 78 00 00
[QNX XUSB]: rejected/failed USB interface 2 (1e2d:0060), error 16.
[INFO] [QSA]: 48000 Hz, 6 voices, S32 LE, 10 x 18432-byte fragments.
[INFO] [Audio] Started synchronous audio driver.
[WARN] [QNX XUSB]: rejected/failed USB interface 3 (1e2d:0060), error 16.
[WARN] [QNX XUSB]: rejected/failed USB interface 4 (1e2d:0060), error 16.
[INFO] [Audio] sinc resampler: integer s16 fast path available.
[INFO] [Display] Found display driver: "gl".
[WARN] [QNX XUSB]: rejected/failed USB interface 5 (1e2d:0060), error 16.
[INFO] [Config] Saved config to "/fs/sda0/retroarch/retroarch.cfg".
[INFO] [Autoconf] Generic QNX HID Gamepad (11720/12316) not configured, using fallback.
[INFO] [Playlist] Loading favorites file: "/fs/sda0/retroarch/playlists/builtin/content_favorites.lpl".
[INFO] [Playlist] Loading history file: "/fs/sda0/retroarch/playlists/builtin/content_history.lpl".
[INFO] [Playlist] Loading history file: "/fs/sda0/retroarch/playlists/builtin/content_music_history.lpl".
