qnx_gles2_bench: EGL 1.4 config=5 rgba=8/8/8/8
qnx_gles2_bench: create_nbuffers requested_buffers=3 ret=1 window=31b050 kd=3256400
qnx_gles2_bench: Screen buffers=3 render_buffers=3
qnx_gles2_bench: EGL vendor: Qualcomm, Inc
qnx_gles2_bench: EGL version: 1.4
qnx_gles2_bench: GL vendor: Qualcomm
qnx_gles2_bench: GL renderer: Adreno (TM) 320
qnx_gles2_bench: GL version: OpenGL ES 2.0 3929146
qnx_gles2_bench: BEGIN clear            warmup=3 samples=20
qnx_gles2_bench: END   clear            call=  0.050 ms finish=  0.655 ms total=  0.705 ms p95=  1.007 ms pixels/s=185183372.814
qnx_gles2_bench: BEGIN draw_100         warmup=3 samples=20
qnx_gles2_bench: END   draw_100         call=  0.604 ms finish=  3.576 ms total=  4.180 ms p95=  7.050 ms draws/s=23924.441
qnx_gles2_bench: BEGIN draw_500         warmup=3 samples=20
qnx_gles2_bench: END   draw_500         call=  2.216 ms finish=  3.626 ms total=  5.842 ms p95= 11.079 ms draws/s=85591.749
qnx_gles2_bench: BEGIN draw_1000        warmup=3 samples=20
qnx_gles2_bench: END   draw_1000        call=  4.784 ms finish=  4.381 ms total=  9.165 ms p95= 13.093 ms draws/s=109105.965
qnx_gles2_bench: BEGIN uniform_1000x4   warmup=3 samples=20
qnx_gles2_bench: END   uniform_1000x4   call= 15.259 ms finish=  5.640 ms total= 20.899 ms p95= 26.187 ms draws/s=47848.881
qnx_gles2_bench: BEGIN texture_1000     warmup=3 samples=20
qnx_gles2_bench: END   texture_1000     call= 14.201 ms finish=  5.741 ms total= 19.942 ms p95= 26.187 ms draws/s=50144.661
qnx_gles2_bench: BEGIN state_1000       warmup=3 samples=20
qnx_gles2_bench: END   state_1000       call=  7.806 ms finish=  4.230 ms total= 12.036 ms p95= 16.115 ms draws/s=83084.877
qnx_gles2_bench: BEGIN ppsspp_like      warmup=3 samples=20
qnx_gles2_bench: END   ppsspp_like      call= 16.870 ms finish=  4.986 ms total= 21.856 ms p95= 27.194 ms draws/s=45754.114
qnx_gles2_bench: BEGIN fill_1x          warmup=3 samples=20
qnx_gles2_bench: END   fill_1x          call=  0.000 ms finish=  3.576 ms total=  3.576 ms p95=  8.057 ms pixels/s=36515031.259
qnx_gles2_bench: BEGIN fill_8x          warmup=3 samples=20
qnx_gles2_bench: END   fill_8x          call=  0.101 ms finish=  2.568 ms total=  2.669 ms p95=  6.043 ms pixels/s=391330901.041
qnx_gles2_bench: BEGIN fill_32x         warmup=3 samples=20
qnx_gles2_bench: END   fill_32x         call=  0.050 ms finish=  5.842 ms total=  5.892 ms p95= 11.079 ms pixels/s=709078213.851
qnx_gles2_bench: BEGIN upload_4mb       warmup=3 samples=20
qnx_gles2_bench: END   upload_4mb       call=  2.971 ms finish=  1.813 ms total=  4.784 ms p95=  7.050 ms bytes/s=876710450.414
qnx_gles2_bench: BEGIN readback         warmup=3 samples=20
qnx_gles2_bench: END   readback         call=  1.360 ms finish=  0.252 ms total=  1.611 ms p95=  4.029 ms bytes/s=324070902.424
qnx_gles2_bench: BEGIN swap             warmup=3 samples=20
qnx_gles2_bench: END   swap             call=  7.352 ms finish=  1.158 ms total=  8.511 ms p95= 18.129 ms frames/s=117.499
