qnx_gles2_bench: timer calibration cycle_delta=7285308211068928 ns_delta=251796750 estimate=6736556
qnx_gles2_bench: timer ClockCycles, calibrated=6750000 syspage_raw=28991029248000000 shift=32 effective=6750000 cycles/second
qnx_gles2_bench: EGL 1.4 config=5 rgba=8/8/8/8
qnx_gles2_bench: create_nbuffers requested_buffers=3 ret=1 window=556050 kd=5595216
qnx_gles2_bench: Screen buffers=3 render_buffers=3
qnx_gles2_bench: EGL vendor: Qualcomm, Inc
qnx_gles2_bench: EGL version: 1.4
qnx_gles2_bench: GL vendor: Qualcomm
qnx_gles2_bench: GL renderer: Adreno (TM) 320
qnx_gles2_bench: GL version: OpenGL ES 2.0 3929146
qnx_gles2_bench: BEGIN clear            warmup=10 samples=30
qnx_gles2_bench: END   clear            call=  0.065 ms finish=  1.219 ms total=  1.284 ms p95=  3.943 ms pixels/s=101674068.417
qnx_gles2_bench: BEGIN draw_100         warmup=10 samples=30
qnx_gles2_bench: END   draw_100         call=  0.506 ms finish=  3.240 ms total=  3.746 ms p95= 15.343 ms draws/s=26694.089
qnx_gles2_bench: BEGIN draw_500         warmup=10 samples=30
qnx_gles2_bench: END   draw_500         call=  2.289 ms finish=  4.655 ms total=  6.944 ms p95= 18.617 ms draws/s=72000.926
qnx_gles2_bench: BEGIN draw_1000        warmup=10 samples=30
qnx_gles2_bench: END   draw_1000        call=  4.948 ms finish=  5.591 ms total= 10.539 ms p95= 21.867 ms draws/s=94882.177
qnx_gles2_bench: BEGIN uniform_1000x4   warmup=10 samples=30
qnx_gles2_bench: END   uniform_1000x4   call= 16.089 ms finish=  6.852 ms total= 22.941 ms p95= 32.762 ms draws/s=43590.235
qnx_gles2_bench: BEGIN texture_1000     warmup=10 samples=30
qnx_gles2_bench: END   texture_1000     call= 15.939 ms finish=  7.122 ms total= 23.061 ms p95= 32.557 ms draws/s=43362.712
qnx_gles2_bench: BEGIN state_1000       warmup=10 samples=30
qnx_gles2_bench: END   state_1000       call=  8.609 ms finish=  8.313 ms total= 16.922 ms p95= 25.271 ms draws/s=59095.413
qnx_gles2_bench: BEGIN ppsspp_like      warmup=10 samples=30
qnx_gles2_bench: END   ppsspp_like      call= 18.267 ms finish=  6.792 ms total= 25.059 ms p95= 38.631 ms draws/s=39905.670
qnx_gles2_bench: BEGIN fill_1x          warmup=10 samples=30
qnx_gles2_bench: END   fill_1x          call=  0.106 ms finish=  2.715 ms total=  2.821 ms p95=  8.115 ms pixels/s=46279563.467
qnx_gles2_bench: BEGIN fill_8x          warmup=10 samples=30
qnx_gles2_bench: END   fill_8x          call=  0.145 ms finish=  3.695 ms total=  3.840 ms p95= 16.633 ms pixels/s=271969259.447
qnx_gles2_bench: BEGIN fill_32x         warmup=10 samples=30
qnx_gles2_bench: END   fill_32x         call=  0.281 ms finish=  9.022 ms total=  9.304 ms p95= 21.514 ms pixels/s=449062279.707
qnx_gles2_bench: BEGIN upload_4mb       warmup=10 samples=30
qnx_gles2_bench: END   upload_4mb       call=  3.458 ms finish=  2.530 ms total=  5.988 ms p95= 19.619 ms bytes/s=700464913.109
qnx_gles2_bench: BEGIN readback         warmup=10 samples=30
qnx_gles2_bench: END   readback         call=  2.343 ms finish=  1.514 ms total=  3.858 ms p95= 16.179 ms bytes/s=135381777.702
qnx_gles2_bench: BEGIN swap             warmup=10 samples=30
qnx_gles2_bench: END   swap             call=  6.150 ms finish=  3.418 ms total=  9.568 ms p95= 22.980 ms frames/s=104.517
